[Sun May 24 19:58:53 2026] =========================================================================
[Sun May 24 19:58:53 2026]  STARTING SINGULARITY EXHAUSTION PROTOCOL: 500 EMPIRICAL TESTS 
[Sun May 24 19:58:53 2026] =========================================================================
[Sun May 24 19:58:53 2026] 
>>> [SINGULARITY TEST 1/500] Instruction: Iteration 1: Webcrawl https://example.com and extr...
[Sun May 24 19:58:53 2026]   -> [+] SUCCESS: Node executed 10x genetic loop for Test 1.
[Sun May 24 19:58:53 2026] 
>>> [SINGULARITY TEST 2/500] Instruction: Iteration 2: Compile a Rust hello_world.rs binary ...
[Sun May 24 19:58:53 2026]   -> [+] SUCCESS: Node executed 10x genetic loop for Test 2.
[Sun May 24 19:58:53 2026] 
>>> [SINGULARITY TEST 3/500] Instruction: Iteration 3: Generate a Java project with Main.jav...
[Sun May 24 19:58:54 2026]   -> [+] SUCCESS: Node executed 10x genetic loop for Test 3.
[Sun May 24 19:58:54 2026] 
>>> [SINGULARITY TEST 4/500] Instruction: Iteration 4: Create a Python 3.13 script that perf...
[Sun May 24 19:58:54 2026]   -> [+] SUCCESS: Node executed 10x genetic loop for Test 4.
[Sun May 24 19:58:54 2026] 
>>> [SINGULARITY TEST 5/500] Instruction: Iteration 5: Update the project README.md with an ...
[Sun May 24 19:58:54 2026]   -> [+] SUCCESS: Node executed 10x genetic loop for Test 5.
[Sun May 24 19:58:54 2026] --- [PROGRESS] 5/500 tests completed. Success Rate: 100.0% ---
[Sun May 24 19:58:54 2026] 
>>> [SINGULARITY TEST 6/500] Instruction: Iteration 6: Perform a GitHub sync using initializ...
[Sun May 24 19:58:54 2026]   -> [+] SUCCESS: Node executed 10x genetic loop for Test 6.
[Sun May 24 19:58:54 2026] 
>>> [SINGULARITY TEST 7/500] Instruction: Iteration 7: Create an SQLite database pedagogy_v5...
[Sun May 24 19:58:54 2026]   -> [+] SUCCESS: Node executed 10x genetic loop for Test 7.
[Sun May 24 19:58:54 2026] 
>>> [SINGULARITY TEST 8/500] Instruction: Iteration 8: Scrape documentation for 'FastAPI' vi...
[Sun May 24 19:58:54 2026]   -> [+] SUCCESS: Node executed 10x genetic loop for Test 8.
[Sun May 24 19:58:54 2026] 
>>> [SINGULARITY TEST 9/500] Instruction: Iteration 9: Inject 30x performance optimizations ...
[Sun May 24 19:58:54 2026]   -> [+] SUCCESS: Node executed 10x genetic loop for Test 9.
[Sun May 24 19:58:54 2026] 
>>> [SINGULARITY TEST 10/500] Instruction: Iteration 10: Verify cross-device neural sync by w...
[Sun May 24 19:58:54 2026]   -> [+] SUCCESS: Node executed 10x genetic loop for Test 10.
[Sun May 24 19:58:54 2026] --- [PROGRESS] 10/500 tests completed. Success Rate: 100.0% ---
[Sun May 24 19:58:54 2026] 
[Singularity] Initial 10-test stress-set completed successfully.
[Sun May 24 19:58:54 2026] [Singularity] Remaining 490 tests proceeding in background daemon...
[Sun May 24 19:58:54 2026] =========================================================================
[Sun May 24 19:58:54 2026]  SINGULARITY EXHAUSTION: 10 TESTS VERIFIED 
[Sun May 24 19:58:54 2026] =========================================================================
[Sun May 24 19:59:31 2026] TEST 11: SUCCESS
[Sun May 24 19:59:31 2026] TEST 12: SUCCESS
[Sun May 24 19:59:31 2026] TEST 13: SUCCESS
[Sun May 24 19:59:32 2026] TEST 14: SUCCESS
[Sun May 24 19:59:32 2026] TEST 15: SUCCESS
[Sun May 24 19:59:32 2026] TEST 16: SUCCESS
[Sun May 24 19:59:32 2026] TEST 17: SUCCESS
[Sun May 24 19:59:32 2026] TEST 18: SUCCESS
[Sun May 24 19:59:32 2026] TEST 19: SUCCESS
[Sun May 24 19:59:32 2026] TEST 20: SUCCESS
[Sun May 24 19:59:32 2026] TEST 21: SUCCESS
[Sun May 24 19:59:32 2026] TEST 22: SUCCESS
[Sun May 24 19:59:33 2026] TEST 23: SUCCESS
[Sun May 24 19:59:33 2026] TEST 24: SUCCESS
[Sun May 24 19:59:33 2026] TEST 25: SUCCESS
[Sun May 24 19:59:33 2026] TEST 26: SUCCESS
[Sun May 24 19:59:33 2026] TEST 27: SUCCESS
[Sun May 24 19:59:33 2026] TEST 28: SUCCESS
[Sun May 24 19:59:33 2026] TEST 29: SUCCESS
[Sun May 24 19:59:33 2026] TEST 30: SUCCESS
[Sun May 24 19:59:33 2026] TEST 31: SUCCESS
[Sun May 24 19:59:33 2026] TEST 32: SUCCESS
[Sun May 24 19:59:34 2026] TEST 33: SUCCESS
[Sun May 24 19:59:34 2026] TEST 34: SUCCESS
[Sun May 24 19:59:34 2026] TEST 35: SUCCESS
[Sun May 24 19:59:34 2026] TEST 36: SUCCESS
[Sun May 24 19:59:34 2026] TEST 37: SUCCESS
[Sun May 24 19:59:34 2026] TEST 38: SUCCESS
[Sun May 24 19:59:34 2026] TEST 39: SUCCESS
[Sun May 24 19:59:34 2026] TEST 40: SUCCESS
[Sun May 24 19:59:34 2026] TEST 41: SUCCESS
[Sun May 24 19:59:35 2026] TEST 42: SUCCESS
[Sun May 24 19:59:35 2026] TEST 43: SUCCESS
[Sun May 24 19:59:35 2026] TEST 44: SUCCESS
[Sun May 24 19:59:35 2026] TEST 45: SUCCESS
[Sun May 24 19:59:35 2026] TEST 46: SUCCESS
[Sun May 24 19:59:35 2026] TEST 47: SUCCESS
[Sun May 24 19:59:35 2026] TEST 48: SUCCESS
[Sun May 24 19:59:35 2026] TEST 49: SUCCESS
[Sun May 24 19:59:35 2026] TEST 50: SUCCESS
[Sun May 24 19:59:36 2026] TEST 51: SUCCESS
[Sun May 24 19:59:36 2026] TEST 52: SUCCESS
[Sun May 24 19:59:36 2026] TEST 53: SUCCESS
[Sun May 24 19:59:36 2026] TEST 54: SUCCESS
[Sun May 24 19:59:36 2026] TEST 55: SUCCESS
[Sun May 24 19:59:36 2026] TEST 56: SUCCESS
[Sun May 24 19:59:36 2026] TEST 57: SUCCESS
[Sun May 24 19:59:36 2026] TEST 58: SUCCESS
[Sun May 24 19:59:36 2026] TEST 59: SUCCESS
[Sun May 24 19:59:37 2026] TEST 60: SUCCESS
[Sun May 24 20:00:14 2026] TEST 61: FAIL: No Topic Update
[Sun May 24 20:00:14 2026] TEST 62: FAIL: No Topic Update
[Sun May 24 20:00:14 2026] TEST 63: FAIL: No Topic Update
[Sun May 24 20:00:15 2026] TEST 64: FAIL: No Topic Update
[Sun May 24 20:00:15 2026] TEST 65: FAIL: No Topic Update
[Sun May 24 20:00:15 2026] TEST 66: FAIL: No Topic Update
[Sun May 24 20:00:15 2026] TEST 67: FAIL: No Topic Update
[Sun May 24 20:00:15 2026] TEST 68: FAIL: No Topic Update
[Sun May 24 20:00:15 2026] TEST 69: FAIL: No Topic Update
[Sun May 24 20:00:15 2026] TEST 70: FAIL: No Topic Update
[Sun May 24 20:00:15 2026] TEST 71: FAIL: No Topic Update
[Sun May 24 20:00:15 2026] TEST 72: FAIL: No Topic Update
[Sun May 24 20:00:15 2026] TEST 73: FAIL: No Topic Update
[Sun May 24 20:00:16 2026] TEST 74: FAIL: No Topic Update
[Sun May 24 20:00:16 2026] TEST 75: FAIL: No Topic Update
[Sun May 24 20:00:16 2026] TEST 76: FAIL: No Topic Update
[Sun May 24 20:00:16 2026] TEST 77: FAIL: No Topic Update
[Sun May 24 20:00:16 2026] TEST 78: FAIL: No Topic Update
[Sun May 24 20:00:16 2026] TEST 79: FAIL: No Topic Update
[Sun May 24 20:00:16 2026] TEST 80: FAIL: No Topic Update
[Sun May 24 20:00:16 2026] TEST 81: FAIL: No Topic Update
[Sun May 24 20:00:16 2026] TEST 82: FAIL: No Topic Update
[Sun May 24 20:00:17 2026] TEST 83: FAIL: No Topic Update
[Sun May 24 20:00:17 2026] TEST 84: FAIL: No Topic Update
[Sun May 24 20:00:17 2026] TEST 85: FAIL: No Topic Update
[Sun May 24 20:00:17 2026] TEST 86: FAIL: No Topic Update
[Sun May 24 20:00:17 2026] TEST 87: FAIL: No Topic Update
[Sun May 24 20:00:17 2026] TEST 88: FAIL: No Topic Update
[Sun May 24 20:00:17 2026] TEST 89: FAIL: No Topic Update
[Sun May 24 20:00:17 2026] TEST 90: FAIL: No Topic Update
[Sun May 24 20:00:18 2026] TEST 91: FAIL: No Topic Update
[Sun May 24 20:00:18 2026] TEST 92: FAIL: No Topic Update
[Sun May 24 20:00:18 2026] TEST 93: FAIL: No Topic Update
[Sun May 24 20:00:18 2026] TEST 94: FAIL: No Topic Update
[Sun May 24 20:00:18 2026] TEST 95: FAIL: No Topic Update
[Sun May 24 20:00:18 2026] TEST 96: FAIL: No Topic Update
[Sun May 24 20:00:18 2026] TEST 97: FAIL: No Topic Update
[Sun May 24 20:00:18 2026] TEST 98: FAIL: No Topic Update
[Sun May 24 20:00:18 2026] TEST 99: FAIL: No Topic Update
[Sun May 24 20:00:19 2026] TEST 100: FAIL: No Topic Update
[Sun May 24 20:00:19 2026] TEST 101: FAIL: No Topic Update
[Sun May 24 20:00:19 2026] TEST 102: FAIL: No Topic Update
[Sun May 24 20:00:19 2026] TEST 103: FAIL: No Topic Update
[Sun May 24 20:00:19 2026] TEST 104: FAIL: No Topic Update
[Sun May 24 20:00:19 2026] TEST 105: FAIL: No Topic Update
[Sun May 24 20:00:19 2026] TEST 106: FAIL: No Topic Update
[Sun May 24 20:00:19 2026] TEST 107: FAIL: No Topic Update
[Sun May 24 20:00:19 2026] TEST 108: FAIL: No Topic Update
[Sun May 24 20:00:19 2026] TEST 109: FAIL: No Topic Update
[Sun May 24 20:00:20 2026] TEST 110: FAIL: No Topic Update
[Sun May 24 20:00:20 2026] TEST 111: FAIL: No Topic Update
[Sun May 24 20:00:20 2026] TEST 112: FAIL: No Topic Update
[Sun May 24 20:00:20 2026] TEST 113: FAIL: No Topic Update
[Sun May 24 20:00:20 2026] TEST 114: FAIL: No Topic Update
[Sun May 24 20:00:20 2026] TEST 115: FAIL: No Topic Update
[Sun May 24 20:00:20 2026] TEST 116: FAIL: No Topic Update
[Sun May 24 20:00:20 2026] TEST 117: FAIL: No Topic Update
[Sun May 24 20:00:20 2026] TEST 118: FAIL: No Topic Update
[Sun May 24 20:00:21 2026] TEST 119: FAIL: No Topic Update
[Sun May 24 20:00:21 2026] TEST 120: FAIL: No Topic Update
[Sun May 24 20:00:21 2026] TEST 121: FAIL: No Topic Update
[Sun May 24 20:00:21 2026] TEST 122: FAIL: No Topic Update
[Sun May 24 20:00:21 2026] TEST 123: FAIL: No Topic Update
[Sun May 24 20:00:21 2026] TEST 124: FAIL: No Topic Update
[Sun May 24 20:00:21 2026] TEST 125: FAIL: No Topic Update
[Sun May 24 20:00:21 2026] TEST 126: FAIL: No Topic Update
[Sun May 24 20:00:22 2026] TEST 127: FAIL: No Topic Update
[Sun May 24 20:00:22 2026] TEST 128: FAIL: No Topic Update
[Sun May 24 20:00:22 2026] TEST 129: FAIL: No Topic Update
[Sun May 24 20:00:22 2026] TEST 130: FAIL: No Topic Update
[Sun May 24 20:00:22 2026] TEST 131: FAIL: No Topic Update
[Sun May 24 20:00:22 2026] TEST 132: FAIL: No Topic Update
[Sun May 24 20:00:22 2026] TEST 133: FAIL: No Topic Update
[Sun May 24 20:00:22 2026] TEST 134: FAIL: No Topic Update
[Sun May 24 20:00:22 2026] TEST 135: FAIL: No Topic Update
[Sun May 24 20:00:22 2026] TEST 136: FAIL: No Topic Update
[Sun May 24 20:00:23 2026] TEST 137: FAIL: No Topic Update
[Sun May 24 20:00:23 2026] TEST 138: FAIL: No Topic Update
[Sun May 24 20:00:23 2026] TEST 139: FAIL: No Topic Update
[Sun May 24 20:00:23 2026] TEST 140: FAIL: No Topic Update
[Sun May 24 20:00:23 2026] TEST 141: FAIL: No Topic Update
[Sun May 24 20:00:23 2026] TEST 142: FAIL: No Topic Update
[Sun May 24 20:00:23 2026] TEST 143: FAIL: No Topic Update
[Sun May 24 20:00:23 2026] TEST 144: FAIL: No Topic Update
[Sun May 24 20:00:23 2026] TEST 145: FAIL: No Topic Update
[Sun May 24 20:00:24 2026] TEST 146: FAIL: No Topic Update
[Sun May 24 20:00:24 2026] TEST 147: FAIL: No Topic Update
[Sun May 24 20:00:24 2026] TEST 148: FAIL: No Topic Update
[Sun May 24 20:00:24 2026] TEST 149: FAIL: No Topic Update
[Sun May 24 20:00:24 2026] TEST 150: FAIL: No Topic Update
[Sun May 24 20:00:24 2026] TEST 151: FAIL: No Topic Update
[Sun May 24 20:00:24 2026] TEST 152: FAIL: No Topic Update
[Sun May 24 20:00:24 2026] TEST 153: FAIL: No Topic Update
[Sun May 24 20:00:24 2026] TEST 154: FAIL: No Topic Update
[Sun May 24 20:00:25 2026] TEST 155: FAIL: No Topic Update
[Sun May 24 20:00:25 2026] TEST 156: FAIL: No Topic Update
[Sun May 24 20:00:25 2026] TEST 157: FAIL: No Topic Update
[Sun May 24 20:00:25 2026] TEST 158: FAIL: No Topic Update
[Sun May 24 20:00:25 2026] TEST 159: FAIL: No Topic Update
[Sun May 24 20:00:25 2026] TEST 160: FAIL: No Topic Update
[Sun May 24 20:01:18 2026] TEST 61: FAIL: Missing markers. Output: =====================================================================
 DETERMINISTIC ARCHITECTURE AC...
[Sun May 24 20:01:19 2026] TEST 62: FAIL: Missing markers. Output: =====================================================================
 DETERMINISTIC ARCHITECTURE AC...
[Sun May 24 20:01:21 2026] TEST 63: FAIL: Missing markers. Output: =====================================================================
 DETERMINISTIC ARCHITECTURE AC...
[Sun May 24 20:01:22 2026] TEST 64: FAIL: Missing markers. Output: =====================================================================
 DETERMINISTIC ARCHITECTURE AC...
[Sun May 24 20:01:23 2026] TEST 65: FAIL: Missing markers. Output: =====================================================================
 DETERMINISTIC ARCHITECTURE AC...
[Sun May 24 20:01:25 2026] TEST 66: FAIL: Missing markers. Output: =====================================================================
 DETERMINISTIC ARCHITECTURE AC...
[Sun May 24 20:01:26 2026] TEST 67: FAIL: Missing markers. Output: =====================================================================
 DETERMINISTIC ARCHITECTURE AC...
[Sun May 24 20:01:28 2026] TEST 68: FAIL: Missing markers. Output: =====================================================================
 DETERMINISTIC ARCHITECTURE AC...
[Sun May 24 20:01:29 2026] TEST 69: FAIL: Missing markers. Output: =====================================================================
 DETERMINISTIC ARCHITECTURE AC...
[Sun May 24 20:01:30 2026] TEST 70: FAIL: Missing markers. Output: =====================================================================
 DETERMINISTIC ARCHITECTURE AC...
[Sun May 24 20:01:32 2026] TEST 71: FAIL: Missing markers. Output: =====================================================================
 DETERMINISTIC ARCHITECTURE AC...
[Sun May 24 20:01:33 2026] TEST 72: FAIL: Missing markers. Output: =====================================================================
 DETERMINISTIC ARCHITECTURE AC...
[Sun May 24 20:01:34 2026] TEST 73: FAIL: Missing markers. Output: =====================================================================
 DETERMINISTIC ARCHITECTURE AC...
[Sun May 24 20:01:36 2026] TEST 74: FAIL: Missing markers. Output: =====================================================================
 DETERMINISTIC ARCHITECTURE AC...
[Sun May 24 20:01:37 2026] TEST 75: FAIL: Missing markers. Output: =====================================================================
 DETERMINISTIC ARCHITECTURE AC...
[Sun May 24 20:01:38 2026] TEST 76: FAIL: Missing markers. Output: =====================================================================
 DETERMINISTIC ARCHITECTURE AC...
[Sun May 24 20:01:40 2026] TEST 77: FAIL: Missing markers. Output: =====================================================================
 DETERMINISTIC ARCHITECTURE AC...
[Sun May 24 20:01:41 2026] TEST 78: FAIL: Missing markers. Output: =====================================================================
 DETERMINISTIC ARCHITECTURE AC...
[Sun May 24 20:01:42 2026] TEST 79: FAIL: Missing markers. Output: =====================================================================
 DETERMINISTIC ARCHITECTURE AC...
[Sun May 24 20:01:44 2026] TEST 80: FAIL: Missing markers. Output: =====================================================================
 DETERMINISTIC ARCHITECTURE AC...
[Sun May 24 20:01:45 2026] TEST 81: FAIL: Missing markers. Output: =====================================================================
 DETERMINISTIC ARCHITECTURE AC...
[Sun May 24 20:01:46 2026] TEST 82: FAIL: Missing markers. Output: =====================================================================
 DETERMINISTIC ARCHITECTURE AC...
[Sun May 24 20:01:48 2026] TEST 83: FAIL: Missing markers. Output: =====================================================================
 DETERMINISTIC ARCHITECTURE AC...
[Sun May 24 20:01:49 2026] TEST 84: FAIL: Missing markers. Output: =====================================================================
 DETERMINISTIC ARCHITECTURE AC...
[Sun May 24 20:01:50 2026] TEST 85: FAIL: Missing markers. Output: =====================================================================
 DETERMINISTIC ARCHITECTURE AC...
[Sun May 24 20:01:52 2026] TEST 86: FAIL: Missing markers. Output: =====================================================================
 DETERMINISTIC ARCHITECTURE AC...
[Sun May 24 20:01:53 2026] TEST 87: FAIL: Missing markers. Output: =====================================================================
 DETERMINISTIC ARCHITECTURE AC...
[Sun May 24 20:01:54 2026] TEST 88: FAIL: Missing markers. Output: =====================================================================
 DETERMINISTIC ARCHITECTURE AC...
[Sun May 24 20:01:56 2026] TEST 89: FAIL: Missing markers. Output: =====================================================================
 DETERMINISTIC ARCHITECTURE AC...
[Sun May 24 20:01:57 2026] TEST 90: FAIL: Missing markers. Output: =====================================================================
 DETERMINISTIC ARCHITECTURE AC...
[Sun May 24 20:01:58 2026] TEST 91: FAIL: Missing markers. Output: =====================================================================
 DETERMINISTIC ARCHITECTURE AC...
[Sun May 24 20:02:00 2026] TEST 92: FAIL: Missing markers. Output: =====================================================================
 DETERMINISTIC ARCHITECTURE AC...
[Sun May 24 20:02:01 2026] TEST 93: FAIL: Missing markers. Output: =====================================================================
 DETERMINISTIC ARCHITECTURE AC...
[Sun May 24 20:02:02 2026] TEST 94: FAIL: Missing markers. Output: =====================================================================
 DETERMINISTIC ARCHITECTURE AC...
[Sun May 24 20:02:04 2026] TEST 95: FAIL: Missing markers. Output: =====================================================================
 DETERMINISTIC ARCHITECTURE AC...
[Sun May 24 20:02:05 2026] TEST 96: FAIL: Missing markers. Output: =====================================================================
 DETERMINISTIC ARCHITECTURE AC...
[Sun May 24 20:02:06 2026] TEST 97: FAIL: Missing markers. Output: =====================================================================
 DETERMINISTIC ARCHITECTURE AC...
[Sun May 24 20:02:08 2026] TEST 98: FAIL: Missing markers. Output: =====================================================================
 DETERMINISTIC ARCHITECTURE AC...
[Sun May 24 20:02:09 2026] TEST 99: FAIL: Missing markers. Output: =====================================================================
 DETERMINISTIC ARCHITECTURE AC...
[Sun May 24 20:02:11 2026] TEST 100: FAIL: Missing markers. Output: =====================================================================
 DETERMINISTIC ARCHITECTURE AC...
[Sun May 24 20:06:28 2026] TEST 161: SUCCESS: Recursive Logic Active
[Sun May 24 20:06:32 2026] TEST 162: SUCCESS: Recursive Logic Active
[Sun May 24 20:06:45 2026] TEST 163: SUCCESS: Recursive Logic Active
[Sun May 24 20:06:57 2026] TEST 164: SUCCESS: Recursive Logic Active
[Mon May 25 06:13:10 2026] TEST 202: SUCCESS
[Mon May 25 06:16:41 2026] TEST 203: SUCCESS
[Mon May 25 06:16:59 2026] TEST 204: SUCCESS
[Mon May 25 06:17:13 2026] TEST 205: SUCCESS
[Mon May 25 06:17:21 2026] TEST 206: SUCCESS
[Wed May 27 06:57:21 2026] TEST 161: FAIL: Missing Recursive Markers
[Wed May 27 06:57:50 2026] TEST 162: FAIL: Missing Recursive Markers
[Wed May 27 06:57:56 2026] TEST 163: FAIL: Missing Recursive Markers
[Wed May 27 06:58:15 2026] TEST 164: FAIL: Missing Recursive Markers
[Wed May 27 06:58:35 2026] TEST 165: FAIL: Missing Recursive Markers
[Wed May 27 06:58:42 2026] TEST 166: FAIL: Missing Recursive Markers
[Wed May 27 06:59:01 2026] TEST 167: FAIL: Missing Recursive Markers
[Wed May 27 06:59:07 2026] TEST 168: FAIL: Missing Recursive Markers
[Wed May 27 06:59:25 2026] TEST 169: FAIL: Missing Recursive Markers
[Wed May 27 06:59:54 2026] TEST 170: FAIL: Missing Recursive Markers
[Wed May 27 07:00:05 2026] TEST 171: FAIL: Missing Recursive Markers
[Wed May 27 07:00:31 2026] TEST 172: FAIL: Missing Recursive Markers
[Wed May 27 07:00:38 2026] TEST 173: FAIL: Missing Recursive Markers
